2026-02-20T22:11:07.3601702Z ##[group]Run codecov/codecov-action@v5
2026-02-20T22:11:07.3601987Z with:
2026-02-20T22:11:07.3602164Z   files: ./coverage.xml
2026-02-20T22:11:07.3602361Z   flags: backend
2026-02-20T22:11:07.3602561Z   name: codecov-mathakine-backend
2026-02-20T22:11:07.3602799Z   fail_ci_if_error: false
2026-02-20T22:11:07.3603008Z   verbose: true
2026-02-20T22:11:07.3603181Z   disable_search: true
2026-02-20T22:11:07.3603379Z   disable_file_fixes: false
2026-02-20T22:11:07.3603595Z   disable_safe_directory: false
2026-02-20T22:11:07.3603814Z   disable_telem: false
2026-02-20T22:11:07.3603995Z   dry_run: false
2026-02-20T22:11:07.3604174Z   git_service: github
2026-02-20T22:11:07.3604366Z   gcov_executable: gcov
2026-02-20T22:11:07.3604572Z   handle_no_reports_found: false
2026-02-20T22:11:07.3604797Z   recurse_submodules: false
2026-02-20T22:11:07.3605016Z   run_command: upload-coverage
2026-02-20T22:11:07.3605237Z   skip_validation: false
2026-02-20T22:11:07.3605454Z   use_legacy_upload_endpoint: false
2026-02-20T22:11:07.3605705Z   use_oidc: false
2026-02-20T22:11:07.3605878Z   use_pypi: false
2026-02-20T22:11:07.3606052Z   version: latest
2026-02-20T22:11:07.3606220Z env:
2026-02-20T22:11:07.3606456Z   pythonLocation: /opt/hostedtoolcache/Python/3.12.12/x64
2026-02-20T22:11:07.3606859Z   PKG_CONFIG_PATH: /opt/hostedtoolcache/Python/3.12.12/x64/lib/pkgconfig
2026-02-20T22:11:07.3607261Z   Python_ROOT_DIR: /opt/hostedtoolcache/Python/3.12.12/x64
2026-02-20T22:11:07.3607616Z   Python2_ROOT_DIR: /opt/hostedtoolcache/Python/3.12.12/x64
2026-02-20T22:11:07.3607975Z   Python3_ROOT_DIR: /opt/hostedtoolcache/Python/3.12.12/x64
2026-02-20T22:11:07.3608325Z   LD_LIBRARY_PATH: /opt/hostedtoolcache/Python/3.12.12/x64/lib
2026-02-20T22:11:07.3608730Z   CODECOV_TOKEN: ***
2026-02-20T22:11:07.3609283Z ##[endgroup]
2026-02-20T22:11:07.3697670Z ##[group]Run missing_deps=""
2026-02-20T22:11:07.3697940Z [36;1mmissing_deps=""[0m
2026-02-20T22:11:07.3698141Z [36;1m[0m
2026-02-20T22:11:07.3698338Z [36;1m# Check for always-required commands[0m
2026-02-20T22:11:07.3698627Z [36;1mfor cmd in bash git curl; do[0m
2026-02-20T22:11:07.3699122Z [36;1m  if ! command -v "$cmd" >/dev/null 2>&1; then[0m
2026-02-20T22:11:07.3699441Z [36;1m    missing_deps="$missing_deps $cmd"[0m
2026-02-20T22:11:07.3699691Z [36;1m  fi[0m
2026-02-20T22:11:07.3699864Z [36;1mdone[0m
2026-02-20T22:11:07.3700030Z [36;1m[0m
2026-02-20T22:11:07.3700282Z [36;1m# Check for gpg only if validation is not being skipped[0m
2026-02-20T22:11:07.3700610Z [36;1mif [ "false" != "true" ]; then[0m
2026-02-20T22:11:07.3700891Z [36;1m  if ! command -v gpg >/dev/null 2>&1; then[0m
2026-02-20T22:11:07.3701196Z [36;1m    missing_deps="$missing_deps gpg"[0m
2026-02-20T22:11:07.3701449Z [36;1m  fi[0m
2026-02-20T22:11:07.3701618Z [36;1mfi[0m
2026-02-20T22:11:07.3701777Z [36;1m[0m
2026-02-20T22:11:07.3701976Z [36;1m# Report missing required dependencies[0m
2026-02-20T22:11:07.3702263Z [36;1mif [ -n "$missing_deps" ]; then[0m
2026-02-20T22:11:07.3702645Z [36;1m  echo "Error: The following required dependencies are missing:$missing_deps"[0m
2026-02-20T22:11:07.3703147Z [36;1m  echo "Please install these dependencies before using this action."[0m
2026-02-20T22:11:07.3703497Z [36;1m  exit 1[0m
2026-02-20T22:11:07.3703672Z [36;1mfi[0m
2026-02-20T22:11:07.3703837Z [36;1m[0m
2026-02-20T22:11:07.3704235Z [36;1mecho "All required system dependencies are available."[0m
2026-02-20T22:11:07.4634791Z shell: /usr/bin/sh -e {0}
2026-02-20T22:11:07.4635111Z env:
2026-02-20T22:11:07.4635446Z   pythonLocation: /opt/hostedtoolcache/Python/3.12.12/x64
2026-02-20T22:11:07.4636013Z   PKG_CONFIG_PATH: /opt/hostedtoolcache/Python/3.12.12/x64/lib/pkgconfig
2026-02-20T22:11:07.4636561Z   Python_ROOT_DIR: /opt/hostedtoolcache/Python/3.12.12/x64
2026-02-20T22:11:07.4637089Z   Python2_ROOT_DIR: /opt/hostedtoolcache/Python/3.12.12/x64
2026-02-20T22:11:07.4637650Z   Python3_ROOT_DIR: /opt/hostedtoolcache/Python/3.12.12/x64
2026-02-20T22:11:07.4638097Z   LD_LIBRARY_PATH: /opt/hostedtoolcache/Python/3.12.12/x64/lib
2026-02-20T22:11:07.4639035Z   CODECOV_TOKEN: ***
2026-02-20T22:11:07.4639292Z ##[endgroup]
2026-02-20T22:11:07.4708468Z All required system dependencies are available.
2026-02-20T22:11:07.4734066Z ##[group]Run CC_ACTION_VERSION=$(cat ${GITHUB_ACTION_PATH}/src/version)
2026-02-20T22:11:07.4734542Z [36;1mCC_ACTION_VERSION=$(cat ${GITHUB_ACTION_PATH}/src/version)[0m
2026-02-20T22:11:07.4734989Z [36;1mecho -e "\033[0;32m==>\033[0m Running Action version $CC_ACTION_VERSION"[0m
2026-02-20T22:11:07.4763760Z shell: /usr/bin/bash --noprofile --norc -e -o pipefail {0}
2026-02-20T22:11:07.4764079Z env:
2026-02-20T22:11:07.4764324Z   pythonLocation: /opt/hostedtoolcache/Python/3.12.12/x64
2026-02-20T22:11:07.4764751Z   PKG_CONFIG_PATH: /opt/hostedtoolcache/Python/3.12.12/x64/lib/pkgconfig
2026-02-20T22:11:07.4765153Z   Python_ROOT_DIR: /opt/hostedtoolcache/Python/3.12.12/x64
2026-02-20T22:11:07.4765510Z   Python2_ROOT_DIR: /opt/hostedtoolcache/Python/3.12.12/x64
2026-02-20T22:11:07.4765868Z   Python3_ROOT_DIR: /opt/hostedtoolcache/Python/3.12.12/x64
2026-02-20T22:11:07.4766242Z   LD_LIBRARY_PATH: /opt/hostedtoolcache/Python/3.12.12/x64/lib
2026-02-20T22:11:07.4766651Z   CODECOV_TOKEN: ***
2026-02-20T22:11:07.4766844Z ##[endgroup]
2026-02-20T22:11:07.4827661Z [0;32m==>[0m Running Action version 5.5.2
2026-02-20T22:11:07.4850946Z ##[group]Run git config --global --add safe.directory "/home/runner/work/mathakine/mathakine"
2026-02-20T22:11:07.4851557Z [36;1mgit config --global --add safe.directory "/home/runner/work/mathakine/mathakine"[0m
2026-02-20T22:11:07.4852062Z [36;1mgit config --global --add safe.directory "$GITHUB_WORKSPACE"[0m
2026-02-20T22:11:07.4880538Z shell: /usr/bin/bash --noprofile --norc -e -o pipefail {0}
2026-02-20T22:11:07.4880857Z env:
2026-02-20T22:11:07.4881107Z   pythonLocation: /opt/hostedtoolcache/Python/3.12.12/x64
2026-02-20T22:11:07.4881521Z   PKG_CONFIG_PATH: /opt/hostedtoolcache/Python/3.12.12/x64/lib/pkgconfig
2026-02-20T22:11:07.4881926Z   Python_ROOT_DIR: /opt/hostedtoolcache/Python/3.12.12/x64
2026-02-20T22:11:07.4882292Z   Python2_ROOT_DIR: /opt/hostedtoolcache/Python/3.12.12/x64
2026-02-20T22:11:07.4882654Z   Python3_ROOT_DIR: /opt/hostedtoolcache/Python/3.12.12/x64
2026-02-20T22:11:07.4883018Z   LD_LIBRARY_PATH: /opt/hostedtoolcache/Python/3.12.12/x64/lib
2026-02-20T22:11:07.4883411Z   CODECOV_TOKEN: ***
2026-02-20T22:11:07.4883610Z ##[endgroup]
2026-02-20T22:11:07.4981920Z ##[group]Run CC_FORK="false"
2026-02-20T22:11:07.4982174Z [36;1mCC_FORK="false"[0m
2026-02-20T22:11:07.4982701Z [36;1mif [ -n "$GITHUB_EVENT_PULL_REQUEST_HEAD_REPO_FULL_NAME" ] && [ "$GITHUB_EVENT_PULL_REQUEST_HEAD_REPO_FULL_NAME" != "$GITHUB_REPOSITORY" ];[0m
2026-02-20T22:11:07.4983268Z [36;1mthen[0m
2026-02-20T22:11:07.4983497Z [36;1m  echo -e "\033[0;32m==>\033[0m Fork detected"[0m
2026-02-20T22:11:07.4983779Z [36;1m  CC_FORK="true"[0m
2026-02-20T22:11:07.4983978Z [36;1mfi[0m
2026-02-20T22:11:07.4984174Z [36;1mecho "CC_FORK=$CC_FORK" >> "$GITHUB_ENV"[0m
2026-02-20T22:11:07.5012800Z shell: /usr/bin/bash --noprofile --norc -e -o pipefail {0}
2026-02-20T22:11:07.5013134Z env:
2026-02-20T22:11:07.5013381Z   pythonLocation: /opt/hostedtoolcache/Python/3.12.12/x64
2026-02-20T22:11:07.5013845Z   PKG_CONFIG_PATH: /opt/hostedtoolcache/Python/3.12.12/x64/lib/pkgconfig
2026-02-20T22:11:07.5014519Z   Python_ROOT_DIR: /opt/hostedtoolcache/Python/3.12.12/x64
2026-02-20T22:11:07.5014902Z   Python2_ROOT_DIR: /opt/hostedtoolcache/Python/3.12.12/x64
2026-02-20T22:11:07.5015264Z   Python3_ROOT_DIR: /opt/hostedtoolcache/Python/3.12.12/x64
2026-02-20T22:11:07.5015632Z   LD_LIBRARY_PATH: /opt/hostedtoolcache/Python/3.12.12/x64/lib
2026-02-20T22:11:07.5016019Z   CODECOV_TOKEN: ***
2026-02-20T22:11:07.5016235Z   GITHUB_EVENT_PULL_REQUEST_HEAD_LABEL: 
2026-02-20T22:11:07.5016518Z   GITHUB_EVENT_PULL_REQUEST_HEAD_REPO_FULL_NAME: 
2026-02-20T22:11:07.5016807Z   GITHUB_REPOSITORY: zyclope0/mathakine
2026-02-20T22:11:07.5017044Z ##[endgroup]
2026-02-20T22:11:07.5111926Z ##[group]Run actions/github-script@60a0d83039c74a4aee543508d2ffcb1c3799cdea
2026-02-20T22:11:07.5112515Z with:
2026-02-20T22:11:07.5113115Z   script: if (process.env.CC_USE_OIDC === 'true' && process.env.CC_FORK != 'true') {
  const id_token = await core.getIDToken(process.env.CC_OIDC_AUDIENCE)
  return id_token
}

2026-02-20T22:11:07.5113943Z   github-token: ***
2026-02-20T22:11:07.5114145Z   debug: false
2026-02-20T22:11:07.5114339Z   user-agent: actions/github-script
2026-02-20T22:11:07.5114590Z   result-encoding: json
2026-02-20T22:11:07.5114801Z   retries: 0
2026-02-20T22:11:07.5115014Z   retry-exempt-status-codes: 400,401,403,404,422
2026-02-20T22:11:07.5115280Z env:
2026-02-20T22:11:07.5115508Z   pythonLocation: /opt/hostedtoolcache/Python/3.12.12/x64
2026-02-20T22:11:07.5115907Z   PKG_CONFIG_PATH: /opt/hostedtoolcache/Python/3.12.12/x64/lib/pkgconfig
2026-02-20T22:11:07.5116308Z   Python_ROOT_DIR: /opt/hostedtoolcache/Python/3.12.12/x64
2026-02-20T22:11:07.5116665Z   Python2_ROOT_DIR: /opt/hostedtoolcache/Python/3.12.12/x64
2026-02-20T22:11:07.5117030Z   Python3_ROOT_DIR: /opt/hostedtoolcache/Python/3.12.12/x64
2026-02-20T22:11:07.5117382Z   LD_LIBRARY_PATH: /opt/hostedtoolcache/Python/3.12.12/x64/lib
2026-02-20T22:11:07.5117679Z   CC_FORK: false
2026-02-20T22:11:07.5117917Z   CODECOV_TOKEN: ***
2026-02-20T22:11:07.5118131Z   CC_OIDC_AUDIENCE: https://codecov.io
2026-02-20T22:11:07.5118381Z   CC_USE_OIDC: false
2026-02-20T22:11:07.5118560Z ##[endgroup]
2026-02-20T22:11:07.6035577Z ##[group]Run if [ "false" == 'true' ] && [ "$CC_FORK" != 'true' ];
2026-02-20T22:11:07.6036006Z [36;1mif [ "false" == 'true' ] && [ "$CC_FORK" != 'true' ];[0m
2026-02-20T22:11:07.6036301Z [36;1mthen[0m
2026-02-20T22:11:07.6036590Z [36;1m  echo "CC_TOKEN=$CC_OIDC_TOKEN" >> "$GITHUB_ENV"[0m
2026-02-20T22:11:07.6037019Z [36;1melif [ -n "***" ];[0m
2026-02-20T22:11:07.6037235Z [36;1mthen[0m
2026-02-20T22:11:07.6037480Z [36;1m  echo -e "\033[0;32m==>\033[0m Token set from env"[0m
2026-02-20T22:11:07.6037903Z [36;1m    echo "CC_TOKEN=***" >> "$GITHUB_ENV"[0m
2026-02-20T22:11:07.6038181Z [36;1melse[0m
2026-02-20T22:11:07.6038364Z [36;1m  if [ -n "" ];[0m
2026-02-20T22:11:07.6038574Z [36;1m  then[0m
2026-02-20T22:11:07.6039110Z [36;1m    echo -e "\033[0;32m==>\033[0m Token set from input"[0m
2026-02-20T22:11:07.6039473Z [36;1m    CC_TOKEN=$(echo "" | tr -d '\n')[0m
2026-02-20T22:11:07.6039797Z [36;1m    echo "CC_TOKEN=$CC_TOKEN" >> "$GITHUB_ENV"[0m
2026-02-20T22:11:07.6040080Z [36;1m  fi[0m
2026-02-20T22:11:07.6040250Z [36;1mfi[0m
2026-02-20T22:11:07.6071738Z shell: /usr/bin/bash --noprofile --norc -e -o pipefail {0}
2026-02-20T22:11:07.6072063Z env:
2026-02-20T22:11:07.6072311Z   pythonLocation: /opt/hostedtoolcache/Python/3.12.12/x64
2026-02-20T22:11:07.6072724Z   PKG_CONFIG_PATH: /opt/hostedtoolcache/Python/3.12.12/x64/lib/pkgconfig
2026-02-20T22:11:07.6073126Z   Python_ROOT_DIR: /opt/hostedtoolcache/Python/3.12.12/x64
2026-02-20T22:11:07.6073484Z   Python2_ROOT_DIR: /opt/hostedtoolcache/Python/3.12.12/x64
2026-02-20T22:11:07.6073842Z   Python3_ROOT_DIR: /opt/hostedtoolcache/Python/3.12.12/x64
2026-02-20T22:11:07.6074214Z   LD_LIBRARY_PATH: /opt/hostedtoolcache/Python/3.12.12/x64/lib
2026-02-20T22:11:07.6074508Z   CC_FORK: false
2026-02-20T22:11:07.6074775Z   CODECOV_TOKEN: ***
2026-02-20T22:11:07.6074970Z   CC_OIDC_TOKEN: 
2026-02-20T22:11:07.6075352Z   CC_OIDC_AUDIENCE: https://codecov.io
2026-02-20T22:11:07.6075615Z ##[endgroup]
2026-02-20T22:11:07.6126822Z [0;32m==>[0m Token set from env
2026-02-20T22:11:07.6145812Z ##[group]Run if [ -z "$CC_BRANCH" ] && [ -z "$CC_TOKEN" ] && [ "$CC_FORK" == 'true' ]
2026-02-20T22:11:07.6146295Z [36;1mif [ -z "$CC_BRANCH" ] && [ -z "$CC_TOKEN" ] && [ "$CC_FORK" == 'true' ][0m
2026-02-20T22:11:07.6146632Z [36;1mthen[0m
2026-02-20T22:11:07.6147016Z [36;1m  echo -e "\033[0;32m==>\033[0m Fork detected, setting branch to $GITHUB_EVENT_PULL_REQUEST_HEAD_LABEL"[0m
2026-02-20T22:11:07.6147521Z [36;1m  TOKENLESS="$GITHUB_EVENT_PULL_REQUEST_HEAD_LABEL"[0m
2026-02-20T22:11:07.6147870Z [36;1m  CC_BRANCH="$GITHUB_EVENT_PULL_REQUEST_HEAD_LABEL"[0m
2026-02-20T22:11:07.6148346Z [36;1m  echo "TOKENLESS=$TOKENLESS" >> "$GITHUB_ENV"[0m
2026-02-20T22:11:07.6148619Z [36;1mfi[0m
2026-02-20T22:11:07.6149036Z [36;1m[0m
2026-02-20T22:11:07.6149269Z [36;1mecho "CC_BRANCH=$CC_BRANCH" >> "$GITHUB_ENV"[0m
2026-02-20T22:11:07.6177218Z shell: /usr/bin/bash --noprofile --norc -e -o pipefail {0}
2026-02-20T22:11:07.6177546Z env:
2026-02-20T22:11:07.6177788Z   pythonLocation: /opt/hostedtoolcache/Python/3.12.12/x64
2026-02-20T22:11:07.6178203Z   PKG_CONFIG_PATH: /opt/hostedtoolcache/Python/3.12.12/x64/lib/pkgconfig
2026-02-20T22:11:07.6178622Z   Python_ROOT_DIR: /opt/hostedtoolcache/Python/3.12.12/x64
2026-02-20T22:11:07.6179234Z   Python2_ROOT_DIR: /opt/hostedtoolcache/Python/3.12.12/x64
2026-02-20T22:11:07.6179614Z   Python3_ROOT_DIR: /opt/hostedtoolcache/Python/3.12.12/x64
2026-02-20T22:11:07.6180002Z   LD_LIBRARY_PATH: /opt/hostedtoolcache/Python/3.12.12/x64/lib
2026-02-20T22:11:07.6180307Z   CC_FORK: false
2026-02-20T22:11:07.6180587Z   CC_TOKEN: ***
2026-02-20T22:11:07.6180832Z   CODECOV_TOKEN: ***
2026-02-20T22:11:07.6181027Z   CC_BRANCH: 
2026-02-20T22:11:07.6181218Z   GITHUB_EVENT_PULL_REQUEST_HEAD_LABEL: 
2026-02-20T22:11:07.6181516Z   GITHUB_EVENT_PULL_REQUEST_HEAD_REPO_FULL_NAME: 
2026-02-20T22:11:07.6181805Z   GITHUB_REPOSITORY: zyclope0/mathakine
2026-02-20T22:11:07.6196545Z ##[endgroup]
2026-02-20T22:11:07.6263831Z ##[group]Run if [ -z "$CC_SHA" ];
2026-02-20T22:11:07.6264101Z [36;1mif [ -z "$CC_SHA" ];[0m
2026-02-20T22:11:07.6264323Z [36;1mthen[0m
2026-02-20T22:11:07.6264556Z [36;1m  CC_SHA="$GITHUB_EVENT_PULL_REQUEST_HEAD_SHA"[0m
2026-02-20T22:11:07.6264838Z [36;1mfi[0m
2026-02-20T22:11:07.6265055Z [36;1mif [ -z "$CC_PR" ] && [ "$CC_FORK" == 'true' ];[0m
2026-02-20T22:11:07.6265325Z [36;1mthen[0m
2026-02-20T22:11:07.6265521Z [36;1m  CC_PR="$GITHUB_EVENT_NUMBER"[0m
2026-02-20T22:11:07.6265764Z [36;1mfi[0m
2026-02-20T22:11:07.6265923Z [36;1m[0m
2026-02-20T22:11:07.6266121Z [36;1mecho "CC_SHA=$CC_SHA" >> "$GITHUB_ENV"[0m
2026-02-20T22:11:07.6266422Z [36;1mecho "CC_PR=$CC_PR" >> "$GITHUB_ENV"[0m
2026-02-20T22:11:07.6294340Z shell: /usr/bin/bash --noprofile --norc -e -o pipefail {0}
2026-02-20T22:11:07.6294670Z env:
2026-02-20T22:11:07.6294923Z   pythonLocation: /opt/hostedtoolcache/Python/3.12.12/x64
2026-02-20T22:11:07.6295347Z   PKG_CONFIG_PATH: /opt/hostedtoolcache/Python/3.12.12/x64/lib/pkgconfig
2026-02-20T22:11:07.6295759Z   Python_ROOT_DIR: /opt/hostedtoolcache/Python/3.12.12/x64
2026-02-20T22:11:07.6296118Z   Python2_ROOT_DIR: /opt/hostedtoolcache/Python/3.12.12/x64
2026-02-20T22:11:07.6296488Z   Python3_ROOT_DIR: /opt/hostedtoolcache/Python/3.12.12/x64
2026-02-20T22:11:07.6296860Z   LD_LIBRARY_PATH: /opt/hostedtoolcache/Python/3.12.12/x64/lib
2026-02-20T22:11:07.6297156Z   CC_FORK: false
2026-02-20T22:11:07.6297406Z   CC_TOKEN: ***
2026-02-20T22:11:07.6297585Z   CC_BRANCH: 
2026-02-20T22:11:07.6297830Z   CODECOV_TOKEN: ***
2026-02-20T22:11:07.6298019Z   CC_PR: 
2026-02-20T22:11:07.6298172Z   CC_SHA: 
2026-02-20T22:11:07.6298350Z   GITHUB_EVENT_NAME: push
2026-02-20T22:11:07.6298563Z   GITHUB_EVENT_NUMBER: 
2026-02-20T22:11:07.6298992Z   GITHUB_EVENT_PULL_REQUEST_HEAD_SHA: 
2026-02-20T22:11:07.6299318Z ##[endgroup]
2026-02-20T22:11:07.6369953Z ##[group]Run ${GITHUB_ACTION_PATH}/dist/codecov.sh
2026-02-20T22:11:07.6370446Z [36;1m${GITHUB_ACTION_PATH}/dist/codecov.sh[0m
2026-02-20T22:11:07.6398312Z shell: /usr/bin/bash --noprofile --norc -e -o pipefail {0}
2026-02-20T22:11:07.6398640Z env:
2026-02-20T22:11:07.6399100Z   pythonLocation: /opt/hostedtoolcache/Python/3.12.12/x64
2026-02-20T22:11:07.6399529Z   PKG_CONFIG_PATH: /opt/hostedtoolcache/Python/3.12.12/x64/lib/pkgconfig
2026-02-20T22:11:07.6399947Z   Python_ROOT_DIR: /opt/hostedtoolcache/Python/3.12.12/x64
2026-02-20T22:11:07.6400308Z   Python2_ROOT_DIR: /opt/hostedtoolcache/Python/3.12.12/x64
2026-02-20T22:11:07.6400675Z   Python3_ROOT_DIR: /opt/hostedtoolcache/Python/3.12.12/x64
2026-02-20T22:11:07.6401031Z   LD_LIBRARY_PATH: /opt/hostedtoolcache/Python/3.12.12/x64/lib
2026-02-20T22:11:07.6401494Z   CC_FORK: false
2026-02-20T22:11:07.6401785Z   CC_TOKEN: ***
2026-02-20T22:11:07.6401964Z   CC_BRANCH: 
2026-02-20T22:11:07.6402127Z   CC_SHA: 
2026-02-20T22:11:07.6402297Z   CC_PR: 
2026-02-20T22:11:07.6402525Z   CODECOV_TOKEN: ***
2026-02-20T22:11:07.6402715Z   CC_BASE_SHA: 
2026-02-20T22:11:07.6402888Z   CC_BINARY: 
2026-02-20T22:11:07.6403060Z   CC_BUILD: 
2026-02-20T22:11:07.6403224Z   CC_BUILD_URL: 
2026-02-20T22:11:07.6403392Z   CC_CODE: 
2026-02-20T22:11:07.6403557Z   CC_DIR: 
2026-02-20T22:11:07.6403732Z   CC_DISABLE_FILE_FIXES: false
2026-02-20T22:11:07.6403960Z   CC_DISABLE_SEARCH: true
2026-02-20T22:11:07.6404166Z   CC_DISABLE_TELEM: false
2026-02-20T22:11:07.6404369Z   CC_DRY_RUN: false
2026-02-20T22:11:07.6404556Z   CC_ENTERPRISE_URL: 
2026-02-20T22:11:07.6404742Z   CC_ENV: 
2026-02-20T22:11:07.6404897Z   CC_EXCLUDES: 
2026-02-20T22:11:07.6405077Z   CC_FAIL_ON_ERROR: false
2026-02-20T22:11:07.6405287Z   CC_FILES: ./coverage.xml
2026-02-20T22:11:07.6405496Z   CC_FLAGS: backend
2026-02-20T22:11:07.6405668Z   CC_FORCE: 
2026-02-20T22:11:07.6405835Z   CC_GCOV_ARGS: 
2026-02-20T22:11:07.6406018Z   CC_GCOV_EXECUTABLE: gcov
2026-02-20T22:11:07.6406229Z   CC_GCOV_IGNORE: 
2026-02-20T22:11:07.6406408Z   CC_GCOV_INCLUDE: 
2026-02-20T22:11:07.6406598Z   CC_GIT_SERVICE: github
2026-02-20T22:11:07.6406812Z   CC_HANDLE_NO_REPORTS_FOUND: false
2026-02-20T22:11:07.6407044Z   CC_JOB_CODE: 
2026-02-20T22:11:07.6407213Z   CC_LEGACY: false
2026-02-20T22:11:07.6407415Z   CC_NAME: codecov-mathakine-backend
2026-02-20T22:11:07.6407659Z   CC_NETWORK_FILTER: 
2026-02-20T22:11:07.6407852Z   CC_NETWORK_PREFIX: 
2026-02-20T22:11:07.6408039Z   CC_NETWORK_ROOT_FOLDER: 
2026-02-20T22:11:07.6408237Z   CC_OS: 
2026-02-20T22:11:07.6408400Z   CC_PARENT_SHA: 
2026-02-20T22:11:07.6408579Z   CC_PLUGINS: 
2026-02-20T22:11:07.6408915Z   CC_RECURSE_SUBMODULES: false
2026-02-20T22:11:07.6409151Z   CC_REPORT_TYPE: 
2026-02-20T22:11:07.6409343Z   CC_RUN_CMD: upload-coverage
2026-02-20T22:11:07.6409567Z   CC_SERVICE: github
2026-02-20T22:11:07.6409758Z   CC_SKIP_VALIDATION: false
2026-02-20T22:11:07.6409965Z   CC_SLUG: 
2026-02-20T22:11:07.6410138Z   CC_SWIFT_PROJECT: 
2026-02-20T22:11:07.6410322Z   CC_USE_PYPI: false
2026-02-20T22:11:07.6410515Z   CC_VERBOSE: true
2026-02-20T22:11:07.6410697Z   CC_VERSION: latest
2026-02-20T22:11:07.6410878Z   CC_YML_PATH: 
2026-02-20T22:11:07.6411049Z ##[endgroup]
2026-02-20T22:11:07.6481429Z      _____          _
2026-02-20T22:11:07.6481802Z     / ____|        | |
2026-02-20T22:11:07.6482142Z    | |     ___   __| | ___  ___ _____   __
2026-02-20T22:11:07.6482444Z    | |    / _ \ / _` |/ _ \/ __/ _ \ \ / /
2026-02-20T22:11:07.6482686Z    | |___| (_) | (_| |  __/ (_| (_) \ V /
2026-02-20T22:11:07.6482935Z     \_____\___/ \__,_|\___|\___\___/ \_/
2026-02-20T22:11:07.6483347Z                            [0;31m Wrapper-0.2.7[0m
2026-02-20T22:11:07.6483626Z                            
2026-02-20T22:11:07.6537208Z [0;32m==>[0m Detected [0;36mlinux[0m
2026-02-20T22:11:07.6537756Z [0;32m ->[0m Downloading [0;36mhttps://cli.codecov.io/latest/linux/codecov[0m
2026-02-20T22:11:07.6590213Z   % Total    % Received % Xferd  Average Speed   Time    Time     Time  Current
2026-02-20T22:11:07.6590967Z                                  Dload  Upload   Total   Spent    Left  Speed
2026-02-20T22:11:07.6591650Z 
2026-02-20T22:11:07.7578547Z   0     0    0     0    0     0      0      0 --:--:-- --:--:-- --:--:--     0
2026-02-20T22:11:07.7580888Z 100 10.6M  100 10.6M    0     0   107M      0 --:--:-- --:--:-- --:--:--  108M
2026-02-20T22:11:07.7605671Z [0;32m==>[0m Finishing downloading [0;36mlinux:latest[0m
2026-02-20T22:11:07.8060048Z       Version: [0;36mv11.2.6[0m
2026-02-20T22:11:07.8060744Z  
2026-02-20T22:11:07.8584755Z gpg: directory '/home/runner/.gnupg' created
2026-02-20T22:11:07.8637911Z gpg: keybox '/home/runner/.gnupg/pubring.kbx' created
2026-02-20T22:11:07.9500977Z gpg: /home/runner/.gnupg/trustdb.gpg: trustdb created
2026-02-20T22:11:07.9501891Z gpg: key 806BB28AED779869: public key "Codecov Uploader (Codecov Uploader Verification Key) <security@codecov.io>" imported
2026-02-20T22:11:07.9887019Z gpg: Total number processed: 1
2026-02-20T22:11:07.9887508Z gpg:               imported: 1
2026-02-20T22:11:07.9893073Z [0;32m==>[0m Verifying GPG signature integrity
2026-02-20T22:11:07.9893822Z [0;32m ->[0m Downloading [0;36mhttps://cli.codecov.io/latest/linux/codecov.SHA256SUM[0m
2026-02-20T22:11:07.9894526Z [0;32m ->[0m Downloading [0;36mhttps://cli.codecov.io/latest/linux/codecov.SHA256SUM.sig[0m
2026-02-20T22:11:07.9894947Z  
2026-02-20T22:11:08.0966902Z gpg: Signature made Fri Dec  5 15:31:48 2025 UTC
2026-02-20T22:11:08.0967611Z gpg:                using RSA key 27034E7FDB850E0BBC2C62FF806BB28AED779869
2026-02-20T22:11:08.0970414Z gpg: Good signature from "Codecov Uploader (Codecov Uploader Verification Key) <security@codecov.io>" [unknown]
2026-02-20T22:11:08.0971470Z gpg: WARNING: This key is not certified with a trusted signature!
2026-02-20T22:11:08.0972249Z gpg:          There is no indication that the signature belongs to the owner.
2026-02-20T22:11:08.0973049Z Primary key fingerprint: 2703 4E7F DB85 0E0B BC2C  62FF 806B B28A ED77 9869
2026-02-20T22:11:08.1748019Z codecov: OK
2026-02-20T22:11:08.1758634Z [0;32m==>[0m CLI integrity verified
2026-02-20T22:11:08.1759201Z 
2026-02-20T22:11:08.2399263Z [0;32m ->[0m Token length: 36
2026-02-20T22:11:08.2399930Z [0;32m==>[0m Running upload-coverage
2026-02-20T22:11:08.2409362Z       [0;36m./codecov --verbose upload-coverage -t <redacted> --git-service github --disable-search --file ./coverage.xml --flag backend --gcov-executable gcov --name codecov-mathakine-backend[0m
2026-02-20T22:11:08.5952473Z info - 2026-02-20 22:11:08,594 -- ci service found: github-actions
2026-02-20T22:11:08.5990246Z debug - 2026-02-20 22:11:08,598 -- versioning system found: <class 'codecov_cli.helpers.versioning_systems.GitVersioningSystem'>
2026-02-20T22:11:08.6022347Z debug - 2026-02-20 22:11:08,601 -- versioning system found: <class 'codecov_cli.helpers.versioning_systems.GitVersioningSystem'>
2026-02-20T22:11:08.6055209Z debug - 2026-02-20 22:11:08,605 -- Loading config from /home/runner/work/mathakine/mathakine/codecov.yml
2026-02-20T22:11:08.6393085Z debug - 2026-02-20 22:11:08,638 -- Starting upload coverage --- {"verbose": true, "auto_load_params_from": null, "codecov_yml_path": null, "enterprise_url": null, "disable_telem": false, "version": "cli-11.2.6", "command": "upload-coverage", "git_service": "github", "disable_search": true, "flags": ["backend"], "gcov_executable": "gcov", "name": "codecov-mathakine-backend", "commit_sha": "4bb592240b396ea910621b85086f612e8b38c81f", "fail_on_error": false, "slug": "zyclope0/mathakine", "report_code": "default", "network_root_folder": "/home/runner/work/mathakine/mathakine", "files_search_root_folder": "/home/runner/work/mathakine/mathakine", "files_search_exclude_folders": [], "recurse_submodules": false, "disable_file_fixes": false, "build_code": "22243116450", "build_url": "https://github.com/zyclope0/mathakine/actions/runs/22243116450", "job_code": "Tests Mathakine", "branch": "master", "pull_request_number": null, "env_vars": {}, "plugin_names": ["xcode", "gcov", "pycoverage"], "dry_run": false, "use_legacy_uploader": false, "handle_no_reports_found": false, "report_type_str": "coverage", "network_filter": null, "network_prefix": null, "gcov_args": null, "gcov_ignore": null, "gcov_include": null, "swift_project": null, "parent_sha": null}
2026-02-20T22:11:08.6400598Z debug - 2026-02-20 22:11:08,638 -- Selected preparation plugins --- {"selected_plugins": ["<class 'codecov_cli.plugins.xcode.XcodePlugin'>", "<class 'codecov_cli.plugins.gcov.GcovPlugin'>", "<class 'codecov_cli.plugins.pycoverage.Pycoverage'>"], "cli_config": {}}
2026-02-20T22:11:08.6402175Z debug - 2026-02-20 22:11:08,638 -- Running preparation plugin: <class 'codecov_cli.plugins.xcode.XcodePlugin'>
2026-02-20T22:11:08.6402715Z debug - 2026-02-20 22:11:08,639 -- Running xcode plugin...
2026-02-20T22:11:08.6403730Z warning - 2026-02-20 22:11:08,639 -- xcrun is not installed or can't be found.
2026-02-20T22:11:08.6404435Z debug - 2026-02-20 22:11:08,639 -- Running preparation plugin: <class 'codecov_cli.plugins.gcov.GcovPlugin'>
2026-02-20T22:11:08.6404962Z debug - 2026-02-20 22:11:08,639 -- Running gcov plugin...
2026-02-20T22:11:08.6405380Z debug - 2026-02-20 22:11:08,640 -- Translating `*.gcno` into `(?s:[^/]*\.gcno)\Z`
2026-02-20T22:11:08.6525526Z warning - 2026-02-20 22:11:08,652 -- No gcov data found.
2026-02-20T22:11:08.6526893Z debug - 2026-02-20 22:11:08,652 -- Running preparation plugin: <class 'codecov_cli.plugins.pycoverage.Pycoverage'>
2026-02-20T22:11:08.6532687Z info - 2026-02-20 22:11:08,653 -- Generating coverage.xml report in /home/runner/work/mathakine/mathakine
2026-02-20T22:11:09.6169487Z info - 2026-02-20 22:11:09,616 -- Wrote XML report to coverage.xml
2026-02-20T22:11:09.6170883Z debug - 2026-02-20 22:11:09,616 -- Collecting relevant files
2026-02-20T22:11:09.6260907Z debug - 2026-02-20 22:11:09,625 -- Translating `*.*js` into `(?s:[^/]*\.[^/]*js)\Z`
2026-02-20T22:11:09.6261835Z debug - 2026-02-20 22:11:09,626 -- Translating `*.SHA256SUM` into `(?s:[^/]*\.SHA256SUM)\Z`
2026-02-20T22:11:09.6262664Z debug - 2026-02-20 22:11:09,626 -- Translating `*.am` into `(?s:[^/]*\.am)\Z`
2026-02-20T22:11:09.6263524Z debug - 2026-02-20 22:11:09,626 -- Translating `*.bash` into `(?s:[^/]*\.bash)\Z`
2026-02-20T22:11:09.6264295Z debug - 2026-02-20 22:11:09,626 -- Translating `*.bat` into `(?s:[^/]*\.bat)\Z`
2026-02-20T22:11:09.6265032Z debug - 2026-02-20 22:11:09,626 -- Translating `*.bw` into `(?s:[^/]*\.bw)\Z`
2026-02-20T22:11:09.6265793Z debug - 2026-02-20 22:11:09,626 -- Translating `*.cfg` into `(?s:[^/]*\.cfg)\Z`
2026-02-20T22:11:09.6266562Z debug - 2026-02-20 22:11:09,626 -- Translating `*.class` into `(?s:[^/]*\.class)\Z`
2026-02-20T22:11:09.6267367Z debug - 2026-02-20 22:11:09,626 -- Translating `*.cmake` into `(?s:[^/]*\.cmake)\Z`
2026-02-20T22:11:09.6268135Z debug - 2026-02-20 22:11:09,626 -- Translating `*.conf` into `(?s:[^/]*\.conf)\Z`
2026-02-20T22:11:09.6269170Z debug - 2026-02-20 22:11:09,626 -- Translating `*.coverage` into `(?s:[^/]*\.coverage)\Z`
2026-02-20T22:11:09.6270005Z debug - 2026-02-20 22:11:09,626 -- Translating `*.cp` into `(?s:[^/]*\.cp)\Z`
2026-02-20T22:11:09.6270848Z debug - 2026-02-20 22:11:09,626 -- Translating `*.cpp` into `(?s:[^/]*\.cpp)\Z`
2026-02-20T22:11:09.6271649Z debug - 2026-02-20 22:11:09,627 -- Translating `*.crt` into `(?s:[^/]*\.crt)\Z`
2026-02-20T22:11:09.6272406Z debug - 2026-02-20 22:11:09,627 -- Translating `*.csg` into `(?s:[^/]*\.csg)\Z`
2026-02-20T22:11:09.6273166Z debug - 2026-02-20 22:11:09,627 -- Translating `*.css` into `(?s:[^/]*\.css)\Z`
2026-02-20T22:11:09.6273931Z debug - 2026-02-20 22:11:09,627 -- Translating `*.csv` into `(?s:[^/]*\.csv)\Z`
2026-02-20T22:11:09.6274730Z debug - 2026-02-20 22:11:09,627 -- Translating `*.dart` into `(?s:[^/]*\.dart)\Z`
2026-02-20T22:11:09.6275546Z debug - 2026-02-20 22:11:09,627 -- Translating `*.data` into `(?s:[^/]*\.data)\Z`
2026-02-20T22:11:09.6276297Z debug - 2026-02-20 22:11:09,627 -- Translating `*.db` into `(?s:[^/]*\.db)\Z`
2026-02-20T22:11:09.6277077Z debug - 2026-02-20 22:11:09,627 -- Translating `*.dox` into `(?s:[^/]*\.dox)\Z`
2026-02-20T22:11:09.6277838Z debug - 2026-02-20 22:11:09,627 -- Translating `*.ec` into `(?s:[^/]*\.ec)\Z`
2026-02-20T22:11:09.6279436Z debug - 2026-02-20 22:11:09,627 -- Translating `*.egg` into `(?s:[^/]*\.egg)\Z`
2026-02-20T22:11:09.6280276Z debug - 2026-02-20 22:11:09,627 -- Translating `*.egg-info` into `(?s:[^/]*\.egg\-info)\Z`
2026-02-20T22:11:09.6281083Z debug - 2026-02-20 22:11:09,627 -- Translating `*.el` into `(?s:[^/]*\.el)\Z`
2026-02-20T22:11:09.6281830Z debug - 2026-02-20 22:11:09,628 -- Translating `*.env` into `(?s:[^/]*\.env)\Z`
2026-02-20T22:11:09.6282564Z debug - 2026-02-20 22:11:09,628 -- Translating `*.erb` into `(?s:[^/]*\.erb)\Z`
2026-02-20T22:11:09.6283595Z debug - 2026-02-20 22:11:09,628 -- Translating `*.err` into `(?s:[^/]*\.err)\Z`
2026-02-20T22:11:09.6284598Z debug - 2026-02-20 22:11:09,628 -- Translating `*.exe` into `(?s:[^/]*\.exe)\Z`
2026-02-20T22:11:09.6285422Z debug - 2026-02-20 22:11:09,628 -- Translating `*.feature` into `(?s:[^/]*\.feature)\Z`
2026-02-20T22:11:09.6286213Z debug - 2026-02-20 22:11:09,628 -- Translating `*.ftl` into `(?s:[^/]*\.ftl)\Z`
2026-02-20T22:11:09.6287010Z debug - 2026-02-20 22:11:09,628 -- Translating `*.gif` into `(?s:[^/]*\.gif)\Z`
2026-02-20T22:11:09.6287749Z debug - 2026-02-20 22:11:09,628 -- Translating `*.go` into `(?s:[^/]*\.go)\Z`
2026-02-20T22:11:09.6288651Z debug - 2026-02-20 22:11:09,628 -- Translating `*.gradle` into `(?s:[^/]*\.gradle)\Z`
2026-02-20T22:11:09.6289590Z debug - 2026-02-20 22:11:09,628 -- Translating `*.gz` into `(?s:[^/]*\.gz)\Z`
2026-02-20T22:11:09.6290428Z debug - 2026-02-20 22:11:09,628 -- Translating `*.h` into `(?s:[^/]*\.h)\Z`
2026-02-20T22:11:09.6291211Z debug - 2026-02-20 22:11:09,629 -- Translating `*.html` into `(?s:[^/]*\.html)\Z`
2026-02-20T22:11:09.6292018Z debug - 2026-02-20 22:11:09,629 -- Translating `*.in` into `(?s:[^/]*\.in)\Z`
2026-02-20T22:11:09.6292887Z debug - 2026-02-20 22:11:09,629 -- Translating `*.jade` into `(?s:[^/]*\.jade)\Z`
2026-02-20T22:11:09.6293695Z debug - 2026-02-20 22:11:09,629 -- Translating `*.jar*` into `(?s:[^/]*\.jar[^/]*)\Z`
2026-02-20T22:11:09.6294540Z debug - 2026-02-20 22:11:09,629 -- Translating `*.jpeg` into `(?s:[^/]*\.jpeg)\Z`
2026-02-20T22:11:09.6295363Z debug - 2026-02-20 22:11:09,629 -- Translating `*.jpg` into `(?s:[^/]*\.jpg)\Z`
2026-02-20T22:11:09.6296102Z debug - 2026-02-20 22:11:09,629 -- Translating `*.js` into `(?s:[^/]*\.js)\Z`
2026-02-20T22:11:09.6296981Z debug - 2026-02-20 22:11:09,629 -- Translating `*.less` into `(?s:[^/]*\.less)\Z`
2026-02-20T22:11:09.6297824Z debug - 2026-02-20 22:11:09,629 -- Translating `*.library` into `(?s:[^/]*\.library)\Z`
2026-02-20T22:11:09.6298607Z debug - 2026-02-20 22:11:09,629 -- Translating `*.log` into `(?s:[^/]*\.log)\Z`
2026-02-20T22:11:09.6299650Z debug - 2026-02-20 22:11:09,629 -- Translating `*.m4` into `(?s:[^/]*\.m4)\Z`
2026-02-20T22:11:09.6300420Z debug - 2026-02-20 22:11:09,629 -- Translating `*.mak*` into `(?s:[^/]*\.mak[^/]*)\Z`
2026-02-20T22:11:09.6301184Z debug - 2026-02-20 22:11:09,630 -- Translating `*.map` into `(?s:[^/]*\.map)\Z`
2026-02-20T22:11:09.6301912Z debug - 2026-02-20 22:11:09,630 -- Translating `*.md` into `(?s:[^/]*\.md)\Z`
2026-02-20T22:11:09.6302716Z debug - 2026-02-20 22:11:09,630 -- Translating `*.module` into `(?s:[^/]*\.module)\Z`
2026-02-20T22:11:09.6303481Z debug - 2026-02-20 22:11:09,630 -- Translating `*.mp4` into `(?s:[^/]*\.mp4)\Z`
2026-02-20T22:11:09.6304196Z debug - 2026-02-20 22:11:09,630 -- Translating `*.o` into `(?s:[^/]*\.o)\Z`
2026-02-20T22:11:09.6304957Z debug - 2026-02-20 22:11:09,630 -- Translating `*.p12` into `(?s:[^/]*\.p12)\Z`
2026-02-20T22:11:09.6305696Z debug - 2026-02-20 22:11:09,630 -- Translating `*.pem` into `(?s:[^/]*\.pem)\Z`
2026-02-20T22:11:09.6306487Z debug - 2026-02-20 22:11:09,630 -- Translating `*.png` into `(?s:[^/]*\.png)\Z`
2026-02-20T22:11:09.6307308Z debug - 2026-02-20 22:11:09,630 -- Translating `*.pom*` into `(?s:[^/]*\.pom[^/]*)\Z`
2026-02-20T22:11:09.6308150Z debug - 2026-02-20 22:11:09,630 -- Translating `*.profdata` into `(?s:[^/]*\.profdata)\Z`
2026-02-20T22:11:09.6309126Z debug - 2026-02-20 22:11:09,630 -- Translating `*.proto` into `(?s:[^/]*\.proto)\Z`
2026-02-20T22:11:09.6310171Z debug - 2026-02-20 22:11:09,630 -- Translating `*.prototxt` into `(?s:[^/]*\.prototxt)\Z`
2026-02-20T22:11:09.6310980Z debug - 2026-02-20 22:11:09,630 -- Translating `*.ps1` into `(?s:[^/]*\.ps1)\Z`
2026-02-20T22:11:09.6311717Z debug - 2026-02-20 22:11:09,631 -- Translating `*.pth` into `(?s:[^/]*\.pth)\Z`
2026-02-20T22:11:09.6312480Z debug - 2026-02-20 22:11:09,631 -- Translating `*.py` into `(?s:[^/]*\.py)\Z`
2026-02-20T22:11:09.6313282Z debug - 2026-02-20 22:11:09,631 -- Translating `*.pyc` into `(?s:[^/]*\.pyc)\Z`
2026-02-20T22:11:09.6314086Z debug - 2026-02-20 22:11:09,631 -- Translating `*.pyo` into `(?s:[^/]*\.pyo)\Z`
2026-02-20T22:11:09.6314885Z debug - 2026-02-20 22:11:09,631 -- Translating `*.rake` into `(?s:[^/]*\.rake)\Z`
2026-02-20T22:11:09.6315892Z debug - 2026-02-20 22:11:09,631 -- Translating `*.rb` into `(?s:[^/]*\.rb)\Z`
2026-02-20T22:11:09.6316634Z debug - 2026-02-20 22:11:09,631 -- Translating `*.rsp` into `(?s:[^/]*\.rsp)\Z`
2026-02-20T22:11:09.6317397Z debug - 2026-02-20 22:11:09,631 -- Translating `*.rst` into `(?s:[^/]*\.rst)\Z`
2026-02-20T22:11:09.6318148Z debug - 2026-02-20 22:11:09,631 -- Translating `*.ru` into `(?s:[^/]*\.ru)\Z`
2026-02-20T22:11:09.6319047Z debug - 2026-02-20 22:11:09,631 -- Translating `*.sbt` into `(?s:[^/]*\.sbt)\Z`
2026-02-20T22:11:09.6320154Z debug - 2026-02-20 22:11:09,631 -- Translating `*.scss` into `(?s:[^/]*\.scss)\Z`
2026-02-20T22:11:09.6321061Z debug - 2026-02-20 22:11:09,632 -- Translating `*.serialized` into `(?s:[^/]*\.serialized)\Z`
2026-02-20T22:11:09.6321928Z debug - 2026-02-20 22:11:09,632 -- Translating `*.sh` into `(?s:[^/]*\.sh)\Z`
2026-02-20T22:11:09.6322741Z debug - 2026-02-20 22:11:09,632 -- Translating `*.sha256sum` into `(?s:[^/]*\.sha256sum)\Z`
2026-02-20T22:11:09.6323638Z debug - 2026-02-20 22:11:09,632 -- Translating `*.snapshot` into `(?s:[^/]*\.snapshot)\Z`
2026-02-20T22:11:09.6324429Z debug - 2026-02-20 22:11:09,632 -- Translating `*.sql` into `(?s:[^/]*\.sql)\Z`
2026-02-20T22:11:09.6325192Z debug - 2026-02-20 22:11:09,632 -- Translating `*.svg` into `(?s:[^/]*\.svg)\Z`
2026-02-20T22:11:09.6326006Z debug - 2026-02-20 22:11:09,632 -- Translating `*.tar.tz` into `(?s:[^/]*\.tar\.tz)\Z`
2026-02-20T22:11:09.6326944Z debug - 2026-02-20 22:11:09,632 -- Translating `*.template` into `(?s:[^/]*\.template)\Z`
2026-02-20T22:11:09.6327730Z debug - 2026-02-20 22:11:09,632 -- Translating `*.ts` into `(?s:[^/]*\.ts)\Z`
2026-02-20T22:11:09.6328485Z debug - 2026-02-20 22:11:09,632 -- Translating `*.whl` into `(?s:[^/]*\.whl)\Z`
2026-02-20T22:11:09.6329745Z debug - 2026-02-20 22:11:09,632 -- Translating `*.xcconfig` into `(?s:[^/]*\.xcconfig)\Z`
2026-02-20T22:11:09.6330682Z debug - 2026-02-20 22:11:09,632 -- Translating `*.xcoverage.*` into `(?s:[^/]*\.xcoverage\.[^/]*)\Z`
2026-02-20T22:11:09.6331563Z debug - 2026-02-20 22:11:09,633 -- Translating `*.yaml` into `(?s:[^/]*\.yaml)\Z`
2026-02-20T22:11:09.6332310Z debug - 2026-02-20 22:11:09,633 -- Translating `*.yml` into `(?s:[^/]*\.yml)\Z`
2026-02-20T22:11:09.6333049Z debug - 2026-02-20 22:11:09,633 -- Translating `*.zip` into `(?s:[^/]*\.zip)\Z`
2026-02-20T22:11:09.6333997Z debug - 2026-02-20 22:11:09,633 -- Translating `*/classycle/report.xml` into `(?s:[^/]+/classycle/report\.xml)\Z`
2026-02-20T22:11:09.6335026Z debug - 2026-02-20 22:11:09,633 -- Translating `*codecov.yml` into `(?s:[^/]*codecov\.yml)\Z`
2026-02-20T22:11:09.6335835Z debug - 2026-02-20 22:11:09,633 -- Translating `*~` into `(?s:[^/]*\~)\Z`
2026-02-20T22:11:09.6336630Z debug - 2026-02-20 22:11:09,633 -- Translating `.*coveragerc` into `(?s:\.[^/]*coveragerc)\Z`
2026-02-20T22:11:09.6337505Z debug - 2026-02-20 22:11:09,633 -- Translating `.coverage*` into `(?s:\.coverage[^/]*)\Z`
2026-02-20T22:11:09.6338376Z debug - 2026-02-20 22:11:09,633 -- Translating `.ds_store` into `(?s:\.ds_store)\Z`
2026-02-20T22:11:09.6339380Z debug - 2026-02-20 22:11:09,633 -- Translating `.git*` into `(?s:\.git[^/]*)\Z`
2026-02-20T22:11:09.6340137Z debug - 2026-02-20 22:11:09,633 -- Translating `.nvmrc` into `(?s:\.nvmrc)\Z`
2026-02-20T22:11:09.6341231Z debug - 2026-02-20 22:11:09,634 -- Translating `codecov.SHA256SUM` into `(?s:codecov\.SHA256SUM)\Z`
2026-02-20T22:11:09.6342305Z debug - 2026-02-20 22:11:09,634 -- Translating `codecov.SHA256SUM.sig` into `(?s:codecov\.SHA256SUM\.sig)\Z`
2026-02-20T22:11:09.6343289Z debug - 2026-02-20 22:11:09,634 -- Translating `codecov.yaml` into `(?s:codecov\.yaml)\Z`
2026-02-20T22:11:09.6344334Z debug - 2026-02-20 22:11:09,634 -- Translating `coverage-summary.json` into `(?s:coverage\-summary\.json)\Z`
2026-02-20T22:11:09.6345387Z debug - 2026-02-20 22:11:09,634 -- Translating `createdFiles.lst` into `(?s:createdFiles\.lst)\Z`
2026-02-20T22:11:09.6346411Z debug - 2026-02-20 22:11:09,634 -- Translating `fullLocaleNames.lst` into `(?s:fullLocaleNames\.lst)\Z`
2026-02-20T22:11:09.6347558Z debug - 2026-02-20 22:11:09,634 -- Translating `include.lst` into `(?s:include\.lst)\Z`
2026-02-20T22:11:09.6348449Z debug - 2026-02-20 22:11:09,634 -- Translating `inputFiles.lst` into `(?s:inputFiles\.lst)\Z`
2026-02-20T22:11:09.6349844Z debug - 2026-02-20 22:11:09,634 -- Translating `phpunit-code-coverage.xml` into `(?s:phpunit\-code\-coverage\.xml)\Z`
2026-02-20T22:11:09.6351060Z debug - 2026-02-20 22:11:09,634 -- Translating `phpunit-coverage.xml` into `(?s:phpunit\-coverage\.xml)\Z`
2026-02-20T22:11:09.6352358Z debug - 2026-02-20 22:11:09,634 -- Translating `remapInstanbul.coverage*.json` into `(?s:remapInstanbul\.coverage[^/]*\.json)\Z`
2026-02-20T22:11:09.6353746Z debug - 2026-02-20 22:11:09,635 -- Translating `scoverage.measurements.*` into `(?s:scoverage\.measurements\.[^/]*)\Z`
2026-02-20T22:11:09.6355143Z debug - 2026-02-20 22:11:09,635 -- Translating `test-result-*-codecoverage.json` into `(?s:test\-result\-[^/]*\-codecoverage\.json)\Z`
2026-02-20T22:11:09.6356032Z debug - 2026-02-20 22:11:09,635 -- Translating `test_*_coverage.txt` into `(?s:test_[^/]*_coverage\.txt)\Z`
2026-02-20T22:11:09.6356660Z debug - 2026-02-20 22:11:09,635 -- Translating `testrunner-coverage*` into `(?s:testrunner\-coverage[^/]*)\Z`
2026-02-20T22:11:09.6408000Z debug - 2026-02-20 22:11:09,640 -- Translating `coverage.xml` into `(?s:coverage\.xml)\Z`
2026-02-20T22:11:09.6411840Z debug - 2026-02-20 22:11:09,640 -- Translating `/home/runner/work/mathakine/mathakine/coverage.xml` into `(?s:/home/runner/work/mathakine/mathakine/coverage\.xml)\Z`
2026-02-20T22:11:09.6528534Z info - 2026-02-20 22:11:09,652 -- Found 1 coverage files to report
2026-02-20T22:11:09.6529968Z debug - 2026-02-20 22:11:09,652 -- Found 523 network files to report, (523 without filtering)
2026-02-20T22:11:09.6531047Z info - 2026-02-20 22:11:09,652 -- > /home/runner/work/mathakine/mathakine/coverage.xml
2026-02-20T22:11:09.6600244Z debug - 2026-02-20 22:11:09,659 -- Selected uploader to use: <class 'codecov_cli.services.upload.upload_sender.UploadSender'>
2026-02-20T22:11:09.6647094Z debug - 2026-02-20 22:11:09,664 -- Sending upload request to Codecov
2026-02-20T22:11:10.0858384Z info - 2026-02-20 22:11:10,085 -- Your upload is now processing. When finished, results will be available at: https://app.codecov.io/github/zyclope0/mathakine/commit/4bb592240b396ea910621b85086f612e8b38c81f
2026-02-20T22:11:10.0864259Z debug - 2026-02-20 22:11:10,085 -- Upload request to Codecov complete. --- {"response": {"raw_upload_location": "https://storage.googleapis.com/codecov-production/shelter/github/zyclope0%3A%3A%3A%3Amathakine/4bb592240b396ea910621b85086f612e8b38c81f/b9b9c914-11c7-4a68-98f9-7daa2b40f5b5.txt?X-Amz-Algorithm=AWS4-HMAC-SHA256&X-Amz-Credential=GOOG1EJWQHUGIBILH4J7Q6ZUSCIFNEOLYSNDS7L3B4N5SIBQ2J4YLYE5CRFCD%2F20260220%2Fus%2Fs3%2Faws4_request&X-Amz-Date=20260220T221110Z&X-Amz-Expires=30&X-Amz-SignedHeaders=host&X-Amz-Signature=16c168a27b28fbeaa89b2f0526c9e0e8728c28fb44e9a1e4c4683edfd0f0a979", "url": "https://app.codecov.io/github/zyclope0/mathakine/commit/4bb592240b396ea910621b85086f612e8b38c81f"}}
2026-02-20T22:11:10.0868211Z debug - 2026-02-20 22:11:10,085 -- Sending upload (54510 bytes) to storage
2026-02-20T22:11:10.2410703Z info - 2026-02-20 22:11:10,240 -- Process Upload complete
2026-02-20T22:11:10.2412488Z debug - 2026-02-20 22:11:10,241 -- Upload result --- {"result": "RequestResult(error=None, warnings=[], status_code=200, text='')"}
